// Jest Snapshot v1, https://goo.gl/fbAQLP

exports[`should match snapshot 1`] = `
<div
  className="container"
>
  <h4>
    Loading...
  </h4>
</div>
`;
